// Jest Snapshot v1, https://goo.gl/fbAQLP

exports[`Hands should match the snapshot 1`] = `<styled.span />`;
